// Jest Snapshot v1, https://goo.gl/fbAQLP

exports[`Component: ProgressBar ui mode: init 1`] = `
<div>
  <div
    class="react-axios-progress-bar"
    style="position: absolute; top: 0px; z-index: 9000; background-color: rgb(240, 173, 78); height: 4px; width: 0%; transition: width 30s ease-in;"
  />
</div>
`;
